// Vitest Snapshot v1, https://vitest.dev/guide/snapshot.html

exports[`memo a 1`] = `
[MockFunction func] {
  "calls": [
    [
      6,
    ],
    [
      12,
    ],
  ],
  "results": [
    {
      "type": "return",
      "value": undefined,
    },
    {
      "type": "return",
      "value": undefined,
    },
  ],
}
`;
