// Jest Snapshot v1, https://goo.gl/fbAQLP

exports[`_createPromiseDecorator 1`] = `
[MockFunction] {
  "calls": [
    [
      {
        "args": [
          2,
        ],
        "decoratorName": "Loader",
        "decoratorParams": {
          "type": "MY_TYPE",
        },
        "key": "run",
        "res": 4,
        "started": 1529539200000,
        "target": C {},
      },
    ],
  ],
  "results": [
    {
      "type": "return",
      "value": 4,
    },
  ],
}
`;
