// Vitest Snapshot v1, https://vitest.dev/guide/snapshot.html

exports[`sortObjectDeep 1`] = `
{
  "a": 1,
  "aa": 6,
  "b": 2,
  "c": {
    "d": {
      "aa": 1,
      "j": 5,
      "m": 4,
    },
    "dd": [
      3,
      2,
      1,
      0,
      55,
    ],
    "ddd": [
      "b",
      "c",
      "a",
    ],
    "m": "sdf",
  },
}
`;
