// Vitest Snapshot v1, https://vitest.dev/guide/snapshot.html

exports[`generateJsonSchemaFromData2 1`] = `
{
  "additionalProperties": true,
  "properties": {
    "a": {
      "type": "string",
    },
    "arr": {
      "items": {
        "type": "number",
      },
      "type": "array",
    },
    "arr2": {
      "items": {
        "oneOf": [
          {
            "type": "number",
          },
          {
            "type": "string",
          },
          {
            "type": "boolean",
          },
          {
            "additionalProperties": true,
            "properties": {
              "a": {
                "type": "string",
              },
            },
            "required": [],
            "type": "object",
          },
        ],
      },
      "type": "array",
    },
    "b": {
      "type": "boolean",
    },
    "c": {
      "type": "null",
    },
    "n": {
      "type": "number",
    },
    "sub": {
      "oneOf": [
        {
          "type": "boolean",
        },
        {
          "additionalProperties": true,
          "properties": {
            "aa": {
              "type": "string",
            },
            "sub2": {
              "additionalProperties": true,
              "properties": {
                "b": {
                  "type": "boolean",
                },
                "n": {
                  "type": "null",
                },
              },
              "required": [],
              "type": "object",
            },
          },
          "required": [],
          "type": "object",
        },
      ],
    },
  },
  "required": [],
  "type": "object",
}
`;
